{}
  a : {}
    b : {}
      c : {}
        d : {}
          e : {}
            f : {}
              g : 0
  aString : "a string"
  bool : true
  func : "_[[[function]]]_"
  hello : []
    0 : 1
    1 : 2
    2 : 3
    3 : {}
      world : "!"