{}
  list : []
  map : {}
    h1 text : "Hello, world"
    html : "<div><div class=\"wrapper\"><h1><!-- react-text: 4 -->Hello, <!-- /react-text --><!-- react-text: 5 -->world<!-- /react-text --></h1></div></div>"
    length : 1