{}
  01 mismatch : [], {} : "fail: target & pattern set mismatch"
  02 mismatch : [], undefined : "fail: target & pattern set mismatch"