{}
  01 {a: 1} : []
    0 : {}
      a : []
        0 : null
        1 : null
        2 : []
          0 : "number"
    1 : null
    2 : []
      0 : "object"
  02 {a: 1, b: "123"} : []
    0 : {}
      a : []
        0 : null
        1 : null
        2 : []
          0 : "number"
      b : []
        0 : null
        1 : null
        2 : []
          0 : "string"
    1 : null
    2 : []
      0 : "object"
  03 {a: 1, b: "123", c: [1, "2"]} : []
    0 : {}
      a : []
        0 : null
        1 : null
        2 : []
          0 : "number"
      b : []
        0 : null
        1 : null
        2 : []
          0 : "string"
      c : []
        0 : null
        1 : []
          0 : null
          1 : null
          2 : []
            0 : "number"
            1 : "string"
        2 : []
          0 : "array"
    1 : null
    2 : []
      0 : "object"
  04 looping c : []
    0 : {}
      a : []
        0 : {}
          b : []
            0 : {}
              a : []
                0 : null
                1 : []
                2 : []
                  0 : "=a"
              name : []
                0 : null
                1 : []
                2 : []
                  0 : "string"
            1 : []
            2 : []
              0 : "object"
          name : []
            0 : null
            1 : []
            2 : []
              0 : "string"
        1 : null
        2 : []
          0 : "object"
      b : []
        0 : null
        1 : null
        2 : []
          0 : "=a.b"
    1 : null
    2 : []
      0 : "object"
  05 looping d : []
    0 : {}
      a : []
        0 : {}
          b : []
            0 : {}
              a : []
                0 : null
                1 : []
                2 : []
                  0 : "=a"
              name : []
                0 : null
                1 : []
                2 : []
                  0 : "string"
            1 : []
            2 : []
              0 : "object"
          name : []
            0 : null
            1 : []
            2 : []
              0 : "string"
        1 : null
        2 : []
          0 : "object"
      b : []
        0 : null
        1 : null
        2 : []
          0 : "=a.b"
    1 : null
    2 : []
      0 : "object"
  06 {a: 1, b: {c: 1, d: 1}} : []
    0 : {}
      a : []
        0 : null
        1 : null
        2 : []
          0 : "number"
      b : []
        0 : {}
          c : []
            0 : null
            1 : []
            2 : []
              0 : "number"
          d : []
            0 : null
            1 : []
            2 : []
              0 : "number"
        1 : null
        2 : []
          0 : "object"
    1 : null
    2 : []
      0 : "object"
  07 {a: null, b: {c: 1, d: 1}, e: function} : []
    0 : {}
      a : []
        0 : null
        1 : null
        2 : []
          0 : "null"
      b : []
        0 : {}
          c : []
            0 : null
            1 : []
            2 : []
              0 : "number"
          d : []
            0 : null
            1 : []
            2 : []
              0 : "number"
        1 : null
        2 : []
          0 : "object"
      e : []
        0 : null
        1 : null
        2 : []
          0 : "function"
    1 : null
    2 : []
      0 : "object"