{}
  01 1, "2" : []
    0 : null
    1 : []
      0 : null
      1 : null
      2 : []
        0 : "number"
        1 : "string"
    2 : []
      0 : "array"
  02 1, "2", {a: 1} : []
    0 : null
    1 : []
      0 : {}
        a : []
          0 : null
          1 : []
          2 : []
            0 : "number"
      1 : null
      2 : []
        0 : "number"
        1 : "string"
        2 : "object"
    2 : []
      0 : "array"
  03 1, "2", {a: {b: 1}} : []
    0 : null
    1 : []
      0 : {}
        a : []
          0 : {}
            b : []
              0 : null
              1 : []
              2 : []
                0 : "number"
          1 : []
          2 : []
            0 : "object"
      1 : null
      2 : []
        0 : "number"
        1 : "string"
        2 : "object"
    2 : []
      0 : "array"
  04 1, "2", {a: {b: {c: 1}} : []
    0 : null
    1 : []
      0 : {}
        a : []
          0 : {}
            b : []
              0 : {}
                c : []
                  0 : null
                  1 : []
                  2 : []
                    0 : "number"
              1 : []
              2 : []
                0 : "object"
          1 : []
          2 : []
            0 : "object"
      1 : null
      2 : []
        0 : "number"
        1 : "string"
        2 : "object"
    2 : []
      0 : "array"
  05 1, "2", {a: {b: {c: 1}}, {a: {b: 1}} : []
    0 : null
    1 : []
      0 : {}
        a : []
          0 : {}
            b : []
              0 : {}
                c : []
                  0 : null
                  1 : []
                  2 : []
                    0 : "number"
              1 : []
              2 : []
                0 : "object"
                1 : "number"
          1 : []
          2 : []
            0 : "object"
      1 : null
      2 : []
        0 : "number"
        1 : "string"
        2 : "object"
    2 : []
      0 : "array"
  06 1, "2", {a: {b: [1, "2"]}}, {a: {b: 1}} : []
    0 : null
    1 : []
      0 : {}
        a : []
          0 : {}
            b : []
              0 : null
              1 : []
                0 : null
                1 : null
                2 : []
                  0 : "number"
                  1 : "string"
              2 : []
                0 : "array"
                1 : "number"
          1 : []
          2 : []
            0 : "object"
      1 : null
      2 : []
        0 : "number"
        1 : "string"
        2 : "object"
    2 : []
      0 : "array"
  07 1, "2", {a: {b: 1}}, {a: {b: "2"}}, {a: {c: null}} : []
    0 : null
    1 : []
      0 : {}
        a : []
          0 : {}
            b : []
              0 : null
              1 : []
              2 : []
                0 : "number"
                1 : "string"
                2 : "undefined"
            c : []
              0 : null
              1 : []
              2 : []
                0 : "undefined"
                1 : "null"
          1 : []
          2 : []
            0 : "object"
      1 : null
      2 : []
        0 : "number"
        1 : "string"
        2 : "object"
    2 : []
      0 : "array"
  08 1, "2", {a: [1, "2"]}, {a: {b: 1}, {a: {b: "2"}}, {a: {c: null} : []
    0 : null
    1 : []
      0 : {}
        a : []
          0 : {}
            b : []
              0 : null
              1 : []
              2 : []
                0 : "number"
                1 : "string"
                2 : "undefined"
            c : []
              0 : null
              1 : []
              2 : []
                0 : "undefined"
                1 : "null"
          1 : []
            0 : null
            1 : null
            2 : []
              0 : "number"
              1 : "string"
          2 : []
            0 : "array"
            1 : "object"
      1 : null
      2 : []
        0 : "number"
        1 : "string"
        2 : "object"
    2 : []
      0 : "array"
  09 1, "2", {a: nan}, {a: [1, "2"]}, {a: {b: 1}, {a: {b: "2"}}, {a: {c: null} : []
    0 : null
    1 : []
      0 : {}
        a : []
          0 : {}
            b : []
              0 : null
              1 : []
              2 : []
                0 : "number"
                1 : "string"
                2 : "undefined"
            c : []
              0 : null
              1 : []
              2 : []
                0 : "undefined"
                1 : "null"
          1 : []
            0 : null
            1 : null
            2 : []
              0 : "number"
              1 : "string"
          2 : []
            0 : "nan"
            1 : "array"
            2 : "object"
      1 : null
      2 : []
        0 : "number"
        1 : "string"
        2 : "object"
    2 : []
      0 : "array"
  10 1, {a: [nan]}, {a: [1, "2"]}, {a: [{b: 1}]}, [null] : []
    0 : null
    1 : []
      0 : {}
        a : []
          0 : null
          1 : []
            0 : {}
              b : []
                0 : null
                1 : []
                2 : []
                  0 : "number"
            1 : null
            2 : []
              0 : "nan"
              1 : "number"
              2 : "string"
              3 : "object"
          2 : []
            0 : "array"
      1 : []
        0 : null
        1 : null
        2 : []
          0 : "null"
      2 : []
        0 : "number"
        1 : "object"
        2 : "array"
    2 : []
      0 : "array"
  11 {a: [nan]}, {a: [{b: 1}]}, {a: [{b: [{c: 1}, "1"]}]} : []
    0 : null
    1 : []
      0 : {}
        a : []
          0 : null
          1 : []
            0 : {}
              b : []
                0 : null
                1 : []
                  0 : {}
                    c : []
                      0 : null
                      1 : []
                      2 : []
                        0 : "number"
                  1 : null
                  2 : []
                    0 : "object"
                    1 : "string"
                2 : []
                  0 : "number"
                  1 : "array"
            1 : null
            2 : []
              0 : "nan"
              1 : "object"
          2 : []
            0 : "array"
      1 : null
      2 : []
        0 : "object"
    2 : []
      0 : "array"
  12 {a : [{a: 1}], b: [{a: "1"}]} : []
    0 : {}
      a : []
        0 : null
        1 : []
          0 : {}
            a : []
              0 : null
              1 : []
              2 : []
                0 : "number"
          1 : null
          2 : []
            0 : "object"
        2 : []
          0 : "array"
      b : []
        0 : null
        1 : []
          0 : {}
            a : []
              0 : null
              1 : []
              2 : []
                0 : "string"
          1 : null
          2 : []
            0 : "object"
        2 : []
          0 : "array"
    1 : null
    2 : []
      0 : "object"
  13 {a: [{a: 1}, {a: "1"}]} : []
    0 : {}
      a : []
        0 : null
        1 : []
          0 : {}
            a : []
              0 : null
              1 : []
              2 : []
                0 : "number"
                1 : "string"
          1 : null
          2 : []
            0 : "object"
        2 : []
          0 : "array"
    1 : null
    2 : []
      0 : "object"
  14 {a: [{a: "1"}, {a: [1, {b: 1}]}, {a: {c: 1}}, {a: [{d: 1}]}]} : []
    0 : {}
      a : []
        0 : null
        1 : []
          0 : {}
            a : []
              0 : {}
                c : []
                  0 : null
                  1 : []
                  2 : []
                    0 : "number"
              1 : []
                0 : {}
                  b : []
                    0 : null
                    1 : []
                    2 : []
                      0 : "number"
                      1 : "undefined"
                  d : []
                    0 : null
                    1 : []
                    2 : []
                      0 : "undefined"
                      1 : "number"
                1 : null
                2 : []
                  0 : "number"
                  1 : "object"
              2 : []
                0 : "string"
                1 : "array"
                2 : "object"
          1 : null
          2 : []
            0 : "object"
        2 : []
          0 : "array"
    1 : null
    2 : []
      0 : "object"