{}
  01 "123" : "string"
  02 123 : "number"
  03 nan : "nan"
  04 infinity : "infinity"
  05 -infinity : "-infinity"
  06 true : "boolean"
  07 null : "null"
  08 undefined : "undefined"
  09 function : undefined
  10 regexp : "regexp"