{}
  01 {a: 1} : {}
    a : "number"
  02 {a: 1, b: "123"} : {}
    a : "number"
    b : "string"
  03 {a: 1, b: "123", c: [1, "2"]} : {}
    a : "number"
    b : "string"
    c : []
      0 : "array"
      1 : []
        0 : "number"
        1 : "string"
  04 looping c : {}
    a : {}
      b : {}
        name : "string"
      name : "string"
    b : {}
      a : {}
        name : "string"
      name : "string"
  05 looping d : {}
    a : {}
      b : {}
        name : "string"
      name : "string"
    b : {}
      a : {}
        name : "string"
      name : "string"
  05 nested function : {}
    b : []
      0 : "array"
      1 : "number"
  06 {a: 1, b: {c: 1, d: 1}} : {}
    a : "number"
    b : {}
      c : "number"
      d : "number"
  07 {a: null, b: {c: 1, d: 1}, e: function} : {}
    a : "null"
    b : {}
      c : "number"
      d : "number"
  08 looping e : {}
    a : []
      0 : "array"
      1 : {}
        a : []
          0 : "undefined"
          1 : {}
            name : "string"
        b : []
          0 : {}
            name : "string"
          1 : "undefined"
        name : "string"
    ta : {}
      b : {}
        name : "string"
      name : "string"
    tb : {}
      a : {}
        name : "string"
      name : "string"