{}
  code : "number"
  corpId : "number"
  info : "string"
  rspData : {}
    existMore : "boolean"
    groupList : []
      0 : "array"
      1 : {}
        groupInfo : {}
          autoName : "boolean"
          bulletin : "string"
          contentFiles : []
            0 : "array"
            1 : {}
              extInfo : "null"
              fid : "null"
              fileId : "null"
              fileType : "null"
              fileUrl : "null"
              md5 : "null"
              name : "null"
              size : "null"
          contentImages : []
            0 : "array"
            1 : {}
              extInfo : []
                0 : "null"
                1 : "number"
              fid : "null"
              height : "null"
              imageId : "null"
              imageType : "null"
              md5 : "null"
              name : "null"
              size : "null"
              url : "null"
              width : "null"
          corpId : "number"
          createTime : "string"
          desc : "string"
          digest : "null"
          friendlyLevel : "number"
          gid : "string"
          groupStatus : "number"
          groupType : "number"
          headMD5 : "string"
          lastActiveTime : "string"
          lastUpdateTime : "string"
          name : "string"
          onlyOwnerAllowModify : "boolean"
          openLevel : "number"
          ownerCorpId : "number"
          ownerGid : "string"
          parentGid : "string"
          tag : "string"
          topicContent : "string"
          topicTypeExtensionId : "string"
          uClass1 : "number"
          uClass2 : "number"
          uid : "string"
        msgStatus : "null"
    lastQueryTime : "string"
    msgs : []
      0 : "array"
      1 : {}
        clientMsgID : "string"
        compatibleText : "null"
        content : {}
          appInfo : "null"
          atAll : "null"
          ats : []
            0 : "array"
          datas : []
            0 : "array"
          extContent : []
            0 : "array"
          faces : []
            0 : []
              0 : "array"
            1 : "string"
            2 : {}
          files : []
            0 : "array"
          images : []
            0 : "array"
          sysNotify : {}
            notifyData : {}
              gid : []
                0 : "string"
                1 : "undefined"
              groupInfo : []
                0 : "undefined"
                1 : {}
                  autoName : "boolean"
                  bulletin : "string"
                  contentFiles : []
                    0 : "array"
                  contentImages : []
                    0 : "array"
                  corpId : "number"
                  createTime : "string"
                  desc : "string"
                  digest : "null"
                  friendlyLevel : "number"
                  gid : "string"
                  groupStatus : "number"
                  groupType : "number"
                  headMD5 : "string"
                  lastActiveTime : "string"
                  lastUpdateTime : "string"
                  name : "string"
                  onlyOwnerAllowModify : "boolean"
                  openLevel : "number"
                  ownerCorpId : "number"
                  ownerGid : "string"
                  parentGid : "string"
                  tag : "string"
                  topicContent : "string"
                  topicTypeExtensionId : "string"
                  uClass1 : "number"
                  uClass2 : "number"
                  uid : "string"
              groupStatus : []
                0 : "number"
                1 : "undefined"
            notifyId : "string"
            notifyType : "number"
          texts : []
            0 : "array"
          urls : []
            0 : "array"
          voices : []
            0 : "array"
        createTime : "string"
        extra : "null"
        fromId : "string"
        fromName : "string"
        fromType : "number"
        isRealTime : "boolean"
        lastUpdateTime : "string"
        msgEngines : []
          0 : "array"
          1 : {}
            file : "null"
            linear : "null"
            notify : {}
              contentId : "string"
              version : "number"
            simpleRM : "null"
            voice : "null"
        msgId : "string"
        msgTemplate : "string"
        notifyText : "null"
        options : []
          0 : "array"
        persistLevel : "null"
        receivers : []
          0 : "array"
          1 : {}
            mainReceiver : "null"
            msgSeq : "string"
            previousMsgSeq : "string"
            subType : "number"
            toId : "string"
            toType : "number"
        sendTime : "string"
        tags : []
          0 : "array"
        view : "string"
    quitGids : []
      0 : "array"
  uid : "string"