[]
  0 : "array"
  1 : {}
    atall : "null"
    atme : "null"
    chatId : "string"
    chatType : "number"
    lastActiveTime : "string"
    lastMessages : []
      0 : "array"
      1 : {}
        CUSTOM_MSG_TYPE : "string"
        FILE_MSG_TYPE : "string"
        IMAGE_MSG_TYPE : "string"
        MSG_STATE_ABORTED : "string"
        MSG_STATE_ERROR : "string"
        MSG_STATE_SENDED : "string"
        MSG_STATE_SENDING : "string"
        MSG_STATE_WAITTING : "string"
        NOTIFY_MSG_TYPE : "string"
        TEXT_MSG_TYPE : "string"
        data : {}
          clientMsgID : "string"
          compatibleText : []
            0 : "string"
            1 : "null"
          content : {}
            appInfo : "null"
            atAll : "null"
            ats : []
              0 : "array"
            datas : []
              0 : "array"
            extContent : []
              0 : "array"
            faces : []
              0 : "array"
            files : []
              0 : "array"
            images : []
              0 : "array"
            sysNotify : []
              0 : "null"
              1 : {}
                notifyData : {}
                  agree : []
                    0 : "undefined"
                    1 : "boolean"
                  applicant : []
                    0 : "undefined"
                    1 : "string"
                  auto : []
                    0 : "undefined"
                    1 : "boolean"
                  deleteMembers : []
                    0 : "undefined"
                    1 : []
                      0 : "array"
                      1 : {}
                        name : "string"
                        uid : "string"
                        userInfo : {}
                          corpId : "number"
                          corpUserInfo : {}
                            accountId : "string"
                            birthday : "null"
                            deptName : "string"
                            email : "string"
                            headMd5 : "string"
                            inService : "boolean"
                            lastUpdateTime : "null"
                            location : "string"
                            memo : "null"
                            mobile : "string"
                            nickName : "string"
                            sex : "null"
                            telephone : "null"
                            userType : "number"
                          uid : "string"
                          userPrivateSettingInfo : "null"
                          userPublicSettingInfo : {}
                            lastUpdateTime : "string"
                            sign : "string"
                          userStatusInfo : {}
                            lastUpdateTime : "string"
                            status : "number"
                            statusText : "string"
                  gid : []
                    0 : "undefined"
                    1 : "string"
                  groupInfo : []
                    0 : {}
                      autoName : "boolean"
                      bulletin : "string"
                      contentFiles : []
                        0 : "array"
                      contentImages : []
                        0 : "array"
                      corpId : "number"
                      createTime : "string"
                      desc : "string"
                      digest : "null"
                      friendlyLevel : "number"
                      getGroup : "undefined"
                      gid : "string"
                      groupStatus : "number"
                      groupType : "number"
                      headMD5 : "string"
                      lastActiveTime : "string"
                      lastUpdateTime : "string"
                      name : "string"
                      onlyOwnerAllowModify : "boolean"
                      openLevel : "number"
                      ownerCorpId : "number"
                      ownerGid : "string"
                      parentGid : "string"
                      tag : "string"
                      topicContent : "string"
                      topicTypeExtensionId : "string"
                      uClass1 : "number"
                      uClass2 : "number"
                      uid : "string"
                      userInfo : {}
                        corpId : "number"
                        corpUserInfo : {}
                          accountId : "string"
                          birthday : "null"
                          deptName : "string"
                          email : "string"
                          headMd5 : "string"
                          inService : "boolean"
                          lastUpdateTime : "null"
                          location : "string"
                          memo : "null"
                          mobile : "string"
                          nickName : "string"
                          sex : "null"
                          telephone : "null"
                          userType : "number"
                        uid : "string"
                        userPrivateSettingInfo : "null"
                        userPublicSettingInfo : {}
                          lastUpdateTime : "string"
                          sign : "string"
                        userStatusInfo : {}
                          lastUpdateTime : "string"
                          status : "number"
                          statusText : "string"
                    1 : "undefined"
                  groupType : []
                    0 : "undefined"
                    1 : "number"
                  joinTime : []
                    0 : "undefined"
                    1 : "string"
                  joinUid : []
                    0 : "undefined"
                    1 : "string"
                  joinUserName : []
                    0 : "undefined"
                    1 : "null"
                  managerName : []
                    0 : "undefined"
                    1 : "null"
                  managerUID : []
                    0 : "undefined"
                    1 : "string"
                  newMembers : []
                    0 : "undefined"
                    1 : []
                      0 : "array"
                      1 : {}
                        alias : "null"
                        createTime : "null"
                        isBlock : "null"
                        isManager : "null"
                        lastUpdateTime : "null"
                        scheme : "null"
                        uid : "string"
                        userInfo : {}
                          corpId : "number"
                          corpUserInfo : {}
                            accountId : "string"
                            birthday : "null"
                            deptName : "string"
                            email : "string"
                            headMd5 : "string"
                            inService : "boolean"
                            lastUpdateTime : "null"
                            location : "string"
                            memo : "null"
                            mobile : "string"
                            nickName : "string"
                            sex : "null"
                            telephone : "null"
                            userType : "number"
                          uid : "string"
                          userPrivateSettingInfo : "null"
                          userPublicSettingInfo : []
                            0 : "null"
                            1 : {}
                              lastUpdateTime : "string"
                              sign : "string"
                          userStatusInfo : []
                            0 : "null"
                            1 : {}
                              lastUpdateTime : "string"
                              status : "number"
                              statusText : "string"
                  rejectReason : []
                    0 : "undefined"
                    1 : "null"
                  reqSeq : []
                    0 : "undefined"
                    1 : "null"
                  uid : []
                    0 : "undefined"
                    1 : "string"
                  userInfo : []
                    0 : "undefined"
                    1 : {}
                      corpId : "number"
                      corpUserInfo : {}
                        accountId : "string"
                        birthday : "null"
                        deptName : "string"
                        email : "string"
                        headMd5 : "string"
                        inService : "boolean"
                        lastUpdateTime : "null"
                        location : "string"
                        memo : "null"
                        mobile : "string"
                        nickName : "string"
                        sex : "null"
                        telephone : "null"
                        userType : "number"
                      uid : "string"
                      userPrivateSettingInfo : "null"
                      userPublicSettingInfo : {}
                        lastUpdateTime : "string"
                        sign : "string"
                      userStatusInfo : {}
                        lastUpdateTime : "string"
                        status : "number"
                        statusText : "string"
                notifyId : "string"
                notifyType : "number"
            texts : []
              0 : "array"
              1 : {}
                content : "string"
                description : []
                  0 : "string"
                  1 : "null"
                extInfo : []
                  0 : "string"
                  1 : "null"
                textId : "string"
                title : "string"
            urls : []
              0 : "array"
            voices : []
              0 : "array"
          createTime : "string"
          extra : []
            0 : "string"
            1 : "null"
          fromId : "string"
          fromName : "string"
          fromType : "number"
          isRealTime : "boolean"
          lastUpdateTime : []
            0 : "null"
            1 : "string"
          msgEngines : []
            0 : "array"
            1 : {}
              file : "null"
              linear : []
                0 : {}
                  actionsBar : "null"
                  contentIds : []
                    0 : "array"
                    1 : "string"
                  version : "number"
                1 : "null"
              notify : []
                0 : "null"
                1 : {}
                  contentId : "string"
                  version : "number"
              simpleRM : "null"
              voice : "null"
          msgId : "string"
          msgTemplate : []
            0 : "null"
            1 : "string"
          notifyText : []
            0 : "string"
            1 : "null"
          options : []
            0 : "array"
          persistLevel : "null"
          receivers : []
            0 : "array"
            1 : {}
              mainReceiver : "null"
              msgSeq : "string"
              previousMsgSeq : "string"
              subType : "number"
              toId : "string"
              toType : "number"
          sendTime : "string"
          senderInfo : []
            0 : {}
              corpId : "number"
              corpUserInfo : {}
                accountId : "string"
                birthday : "null"
                deptName : "string"
                email : "string"
                headMd5 : "string"
                inService : "boolean"
                lastUpdateTime : "null"
                location : "string"
                memo : "null"
                mobile : "string"
                nickName : "string"
                sex : "null"
                telephone : "null"
                userType : "number"
              uid : "string"
              userPrivateSettingInfo : "null"
              userPublicSettingInfo : {}
                lastUpdateTime : "string"
                sign : "string"
              userStatusInfo : {}
                lastUpdateTime : "string"
                status : "number"
                statusText : "string"
            1 : "undefined"
          tags : []
            0 : "array"
            1 : {}
              appMsgTagData : "null"
              commentTagData : "null"
              customTagData : "null"
              editInfoTagData : "null"
              reactionTagData : "null"
              replyTagData : {}
                gid : "string"
                replyMsgDigest : "string"
                replyMsgId : "string"
                replyMsgInfo : "null"
                replyMsgSeq : "string"
              tagTarget : []
                0 : "array"
                1 : {}
                  targetUName : "string"
                  targetUid : "string"
              tagType : "number"
          view : "string"
        messageType : "string"
        pretreateManager : {}
        sendState : "string"
    lastReadMsgId : "string"
    lastReadMsgSeq : "string"
    lastRecvMsgId : "string"
    lastRecvMsgSeq : "string"
    name : "string"
    subType : "number"
    unreadCount : "number"